@NC_013791.2_61798_61865_0:37:3_0:11:1_0/1
TAGGGTGTGATTGTCAATTC
+
IIIIIIIIIIIIIIIIIIII
@NC_013791.2_730815_730882_0:39:8_0:13:2_1/1
TACCGCATGCCATCCGCCGC
+
IIIIIIIIIIIIIIIIIIII
@NC_013791.2_3527943_3528012_0:11:0_0:37:4_2/1
ATCTTCATCAGATTGTCACT
+
IIIIIIIIIIIIIIIIIIII
@NC_013791.2_1204170_1204239_0:37:5_0:7:2_3/1
TGGCCCTCTACGTGGAAGAC
+
IIIIIIIIIIIIIIIIIIII
@NC_013791.2_3310701_3310770_0:9:3_0:39:8_4/1
GGAATGTGTGGCTGCGTTAC
+
IIIIIIIIIIIIIIIIIIII
@NC_013791.2_2685239_2685308_0:11:5_0:40:9_5/1
TATCGACGCGAATGTCTGAC
+
IIIIIIIIIIIIIIIIIIII
@NC_013791.2_2379770_2379839_0:11:2_0:39:6_6/1
CACTCGACTCACAGATATTC
+
IIIIIIIIIIIIIIIIIIII
@NC_013791.2_830378_830447_0:42:5_0:11:0_7/1
TTAAGCTATCGTACTGGTAT
+
IIIIIIIIIIIIIIIIIIII
@NC_013791.2_1112954_1113023_0:11:0_0:35:4_8/1
CAAACCACTTGCGGGGAGCG
+
IIIIIIIIIIIIIIIIIIII
@NC_013791.2_295522_295591_0:10:3_0:34:8_9/1
CTTAATATCGGGACAGGGAC
+
IIIIIIIIIIIIIIIIIIII
@NC_013791.2_1317109_1317192_0:16:5_0:42:7_a/1
CACGGTTGACTTCGCCCAGC
+
IIIIIIIIIIIIIIIIIIII
@NC_013791.2_3758108_3758177_0:45:9_0:10:1_b/1
TTCTCGACCTAAATGATGCA
+
IIIIIIIIIIIIIIIIIIII
@NC_013791.2_2655163_2655231_0:15:2_0:42:8_c/1
TTCTGTGGCGGGAGACTTGG
+
IIIIIIIIIIIIIIIIIIII
@NC_013791.2_2901518_2901587_0:36:6_0:10:0_d/1
ATGATTGCTGTCGGGTCGTG
+
IIIIIIIIIIIIIIIIIIII
@NC_013791.2_480114_480183_0:10:2_0:33:8_e/1
AGCAGGGACAGAACGAGCCT
+
IIIIIIIIIIIIIIIIIIII
@NC_013791.2_1682701_1682770_0:16:2_0:43:16_f/1
AATGGCTAGCGGCGTCATGT
+
IIIIIIIIIIIIIIIIIIII
@NC_013791.2_982759_982828_0:16:9_0:42:16_10/1
GCCTAGGGTCCTTGGTCCAT
+
IIIIIIIIIIIIIIIIIIII
@NC_013791.2_3031561_3031629_0:12:1_0:40:8_11/1
ATGAATAAGTCCATCCATTT
+
IIIIIIIIIIIIIIIIIIII
@NC_013791.2_2207753_2207831_0:8:4_0:37:14_12/1
AAAGATTCCTCCAAATGCGA
+
IIIIIIIIIIIIIIIIIIII
@NC_013791.2_2339876_2339945_0:9:2_0:39:7_13/1
ATTGGCTATCTTTATTATAC
+
IIIIIIIIIIIIIIIIIIII
@NC_013791.2_3090154_3090223_0:14:3_0:44:9_14/1
CTCGTCGCGTAGTCAACGTG
+
IIIIIIIIIIIIIIIIIIII
@NC_013791.2_221209_221278_0:12:2_0:39:7_15/1
AATAATCGTCGTACAGAATA
+
IIIIIIIIIIIIIIIIIIII
@NC_013791.2_407266_407360_0:36:20_0:10:1_16/1
TGGGCAGAACAGCCTGTTAT
+
IIIIIIIIIIIIIIIIIIII
@NC_013791.2_599002_599071_0:41:15_0:12:2_17/1
TCGTTGTTGATTACCACGTG
+
IIIIIIIIIIIIIIIIIIII
@NC_013791.2_556355_556424_0:45:10_0:10:5_18/1
GGGTCAGCGTACAACGGTAA
+
IIIIIIIIIIIIIIIIIIII
@NC_013791.2_2182424_2182493_0:45:3_0:12:1_19/1
CCTTAAAGCTACCTAGACTT
+
IIIIIIIIIIIIIIIIIIII
@NC_013791.2_1087502_1087571_0:10:3_0:34:9_1a/1
TAGTAAGGTCGGCGAGCGTG
+
IIIIIIIIIIIIIIIIIIII
@NC_013791.2_2702743_2702811_0:10:2_0:39:4_1b/1
ATAAGCGTTTCGAGTTAAGT
+
IIIIIIIIIIIIIIIIIIII
@NC_013791.2_172894_172963_0:42:2_0:13:0_1c/1
TCGGTTCCACATCTGATGTC
+
IIIIIIIIIIIIIIIIIIII
@NC_013791.2_1772188_1772257_0:13:2_0:40:6_1d/1
AATCACGTACACCGTAGCGA
+
IIIIIIIIIIIIIIIIIIII
@NC_013791.2_1468412_1468564_0:16:0_0:48:8_1e/1
AGACAAACACCCAGCTTCAG
+
IIIIIIIIIIIIIIIIIIII
@NC_013791.2_887952_888086_0:41:2_0:11:5_1f/1
CGCTCGTGAACTTAAGGGTC
+
IIIIIIIIIIIIIIIIIIII
@NC_013791.2_760600_760668_0:10:1_0:36:5_20/1
CACCAATCGGTTTGGTTTGC
+
IIIIIIIIIIIIIIIIIIII
@NC_013791.2_319686_319755_0:11:3_0:47:9_21/1
GCTCGCAGTGCTTGTGACTA
+
IIIIIIIIIIIIIIIIIIII
@NC_013791.2_2057969_2058038_0:9:2_0:42:9_22/1
CTTGAAAGATCTCCAATTGG
+
IIIIIIIIIIIIIIIIIIII
@NC_013791.2_2652041_2652110_0:33:10_0:8:4_23/1
CTAATCCGGTGCCCTTTACG
+
IIIIIIIIIIIIIIIIIIII
@NC_013791.2_2041812_2041881_0:45:7_0:12:1_24/1
CGTTACCATTGCCGCTATCA
+
IIIIIIIIIIIIIIIIIIII
@NC_013791.2_3313105_3313173_0:39:4_0:12:1_25/1
GCACACAACATCAATGTCGG
+
IIIIIIIIIIIIIIIIIIII
@NC_013791.2_961484_961553_0:14:3_0:45:7_26/1
AATTTAATCGCTGGTCCTAA
+
IIIIIIIIIIIIIIIIIIII
@NC_013791.2_1388482_1388554_0:13:4_0:40:7_27/1
GGCAGCATTTAGTAGGGTCA
+
IIIIIIIIIIIIIIIIIIII
@NC_013791.2_2462521_2462590_0:11:4_0:33:11_28/1
CTTTTGACCGACGTACGCCC
+
IIIIIIIIIIIIIIIIIIII
@NC_013791.2_519852_519921_0:38:8_0:10:3_29/1
TTTTCTCGCCTTATCATAGT
+
IIIIIIIIIIIIIIIIIIII
@NC_013791.2_510101_510169_0:37:8_0:5:1_2a/1
CGTCATCACCATGATTCCTA
+
IIIIIIIIIIIIIIIIIIII
@NC_013791.2_1375246_1375314_0:11:3_0:28:10_2b/1
GGCCTGTCCAGAAGAGATAA
+
IIIIIIIIIIIIIIIIIIII
@NC_013791.2_1705942_1706011_0:6:0_0:35:2_2c/1
TCTGGCGGATGTACATTTTG
+
IIIIIIIIIIIIIIIIIIII
@NC_013792.1_214522_214590_0:10:1_0:33:5_0/1
GTAGGATCCAGTAGGGATAC
+
IIIIIIIIIIIIIIIIIIII
@NC_013792.1_99971_100040_0:37:5_0:10:5_1/1
ATACTATCATAAAATCAATC
+
IIIIIIIIIIIIIIIIIIII
@NC_013792.1_186497_186566_0:12:1_0:47:5_2/1
CCTTTACAAAAACAGCCGCT
+
IIIIIIIIIIIIIIIIIIII
@NC_013793.1_22920_22989_0:13:2_0:36:12_0/1
AATCGCGTGTGGATGTTATC
+
IIIIIIIIIIIIIIIIIIII
@NC_007929.1_269521_269590_0:37:7_0:11:2_0/1
AAGACAACTGGACCAACCAA
+
IIIIIIIIIIIIIIIIIIII
@NC_007929.1_1760693_1760762_0:13:2_0:37:7_1/1
ATGAACAGAGCCCACACCGA
+
IIIIIIIIIIIIIIIIIIII
@NC_007929.1_153821_153889_0:41:8_0:13:2_2/1
TATCTCTGATGTCAGTCCCG
+
IIIIIIIIIIIIIIIIIIII
@NC_007929.1_1024531_1024600_0:38:10_0:14:1_3/1
AAGGATCGGTTTCAACCCTC
+
IIIIIIIIIIIIIIIIIIII
@NC_007929.1_1346647_1346716_0:15:0_0:49:3_4/1
TAACTAGTTAGTGTGCAGTA
+
IIIIIIIIIIIIIIIIIIII
@NC_007929.1_635250_635319_0:9:2_0:36:9_5/1
AAAGAGCCCTCCTGGGCTAA
+
IIIIIIIIIIIIIIIIIIII
@NC_007929.1_1209620_1209689_0:27:11_0:4:5_6/1
GTCTGATAGCCTTAATGCGA
+
IIIIIIIIIIIIIIIIIIII
@NC_007929.1_517824_517893_0:11:2_0:29:4_7/1
CGAACCTTAAGTAAGTCTGT
+
IIIIIIIIIIIIIIIIIIII
@NC_007929.1_1388249_1388318_0:16:1_0:52:6_8/1
TCCACCTGTACTTTGCCTCA
+
IIIIIIIIIIIIIIIIIIII
@NC_007929.1_1526329_1526398_0:7:1_0:36:6_9/1
AGGCTCCATTACTAATATAT
+
IIIIIIIIIIIIIIIIIIII
@NC_007929.1_1584319_1584388_0:12:3_0:43:11_a/1
CCGATCATACGTTCACACTG
+
IIIIIIIIIIIIIIIIIIII
@NC_007929.1_863553_863622_0:13:1_0:40:8_b/1
TGAAACTACACGACTAAAAC
+
IIIIIIIIIIIIIIIIIIII
@NC_007929.1_428314_428383_0:35:6_0:11:2_c/1
ACTTCTAGAGCCAGAGGAGT
+
IIIIIIIIIIIIIIIIIIII
@NC_007929.1_1137607_1137676_0:30:8_0:13:3_d/1
CCAATGATGGATGTCAAAGG
+
IIIIIIIIIIIIIIIIIIII
@NC_007929.1_1425678_1425747_0:43:6_0:12:2_e/1
GGAATTGGATTTGATTTGAA
+
IIIIIIIIIIIIIIIIIIII
@NC_007929.1_1707400_1707468_0:12:1_0:42:8_f/1
GAGTATAATCTGCGAGCGCG
+
IIIIIIIIIIIIIIIIIIII
@NC_007929.1_1517502_1517570_0:12:3_0:47:6_10/1
ACTACTCCCTTCGCGCACGG
+
IIIIIIIIIIIIIIIIIIII
@NC_007929.1_425233_425302_0:38:14_0:9:5_11/1
GAAGAGCACGAGAGGTGACT
+
IIIIIIIIIIIIIIIIIIII
@NC_007929.1_226685_226754_0:38:10_0:9:2_12/1
AACTGCCCGTCACGTCGTCG
+
IIIIIIIIIIIIIIIIIIII
@NC_007929.1_50131_50200_0:7:2_0:36:6_13/1
GTGGCACTAGAGGGAAGAAT
+
IIIIIIIIIIIIIIIIIIII
@NC_007929.1_1820955_1821024_0:34:10_0:7:8_14/1
GTGTTAGTCTTTTCCCATAA
+
IIIIIIIIIIIIIIIIIIII
@NC_007930.1_55031_55099_0:14:1_0:38:17_0/1
TTCCATACACCCGAGTAACG
+
IIIIIIIIIIIIIIIIIIII
@NC_007930.1_183997_184065_0:34:6_0:11:1_1/1
CCAACCACTTGTGGACGACG
+
IIIIIIIIIIIIIIIIIIII
@NC_007930.1_182184_182268_0:46:6_0:8:4_2/1
TTAGAGCCCGCCTCAGATTA
+
IIIIIIIIIIIIIIIIIIII
@NC_006530.1_40123_40205_0:39:6_0:8:3_0/1
CATATGGTTGTTAAAACTAC
+
IIIIIIIIIIIIIIIIIIII
@NC_007929.1_706781_706850_0:11:2_0:37:6_0/1
GTATGAGTCCTTATGCACAG
+
IIIIIIIIIIIIIIIIIIII
@NC_007929.1_736639_736706_0:6:4_0:37:14_1/1
AACCATCTAAGTATAGGAGT
+
IIIIIIIIIIIIIIIIIIII
@NC_007929.1_1377890_1377969_0:10:1_0:40:11_2/1
TGGCTGTAGGCAAAGGAACT
+
IIIIIIIIIIIIIIIIIIII
@NC_007929.1_924218_924287_0:43:10_0:14:1_3/1
TCTTAGAGTTACCCACTACG
+
IIIIIIIIIIIIIIIIIIII
@NC_007929.1_1249355_1249423_0:33:8_0:13:1_4/1
CCTTAGCCAGTGGCTGGGTC
+
IIIIIIIIIIIIIIIIIIII
@NC_007929.1_524311_524380_0:16:3_0:44:10_5/1
TAACAAGCGCGTATGACTAT
+
IIIIIIIIIIIIIIIIIIII
@NC_007929.1_768196_768263_0:13:3_0:50:10_6/1
AAACAACGGAGCTCTAAGCA
+
IIIIIIIIIIIIIIIIIIII
@NC_007929.1_1052651_1052719_0:38:18_0:10:5_7/1
TTGAACAAACTTACTGACTA
+
IIIIIIIIIIIIIIIIIIII
@NC_007929.1_751110_751179_0:10:1_0:40:2_8/1
AAAAAAGAATCACATGGGCG
+
IIIIIIIIIIIIIIIIIIII
@NC_007929.1_1385303_1385372_0:10:3_0:40:7_9/1
GAGCGAATTTTTATTCCATC
+
IIIIIIIIIIIIIIIIIIII
@NC_007929.1_156700_156769_0:11:1_0:31:12_a/1
ATGGGACACCAAGGGTGGAC
+
IIIIIIIIIIIIIIIIIIII
@NC_007929.1_861358_861427_0:42:5_0:17:0_b/1
CCCGTACGGGAACTCATGCT
+
IIIIIIIIIIIIIIIIIIII
@NC_007929.1_565717_565784_0:5:4_0:27:11_c/1
AGTTCTAAATAAAATTGACC
+
IIIIIIIIIIIIIIIIIIII
@NC_007929.1_1668350_1668419_0:40:10_0:13:3_d/1
GATCCGTACAACGTTTGGTC
+
IIIIIIIIIIIIIIIIIIII
@NC_007929.1_1258315_1258384_0:11:1_0:32:7_e/1
GTGCCGTTATGAGGAGGTGT
+
IIIIIIIIIIIIIIIIIIII
@NC_007929.1_1447418_1447487_0:15:3_0:41:3_f/1
GTTGCAGCCATCTTTTATGC
+
IIIIIIIIIIIIIIIIIIII
@NC_007929.1_511467_511536_0:44:4_0:15:2_10/1
ATCTGTCGTCTTATCTGTCT
+
IIIIIIIIIIIIIIIIIIII
@NC_007929.1_477890_477959_0:34:6_0:13:2_11/1
GTTACACAGGGATGAGCATC
+
IIIIIIIIIIIIIIIIIIII
@NC_007929.1_1661239_1661308_0:38:11_0:14:4_12/1
GTCAGAGTATACTAATATCA
+
IIIIIIIIIIIIIIIIIIII
@NC_007929.1_1538601_1538667_0:8:1_0:31:13_13/1
AACTTGATGGCAAAATTCTA
+
IIIIIIIIIIIIIIIIIIII
@NC_007929.1_1753009_1753078_0:28:10_0:10:3_14/1
ACACATGTCCAGCTTACCAT
+
IIIIIIIIIIIIIIIIIIII
@NC_007930.1_77630_77782_0:47:7_0:11:1_0/1
ACGTCCGGGGTCTTCATTTA
+
IIIIIIIIIIIIIIIIIIII
@NC_007930.1_241810_241879_0:9:3_0:36:7_1/1
TCCTTAGTGTACCACTGGCA
+
IIIIIIIIIIIIIIIIIIII
@NC_007930.1_78784_78853_0:10:1_0:35:7_2/1
GCATTTCGCTACACGAGTTA
+
IIIIIIIIIIIIIIIIIIII
@NC_006530.1_14127_14196_0:9:3_0:36:6_0/1
ATATAACCGGGCTTCCGATA
+
IIIIIIIIIIIIIIIIIIII
